Aditya Birla Sun Life Corporate Bond,Aditya Birla Sun Life Corporate Bond Fund Direct G
Aditya Birla Sun Life Equity Advantage,Aditya Birla Sun Life Equity Advantage Fund Direct G
Aditya Birla Sun Life Frontline,Aditya Birla Sun Life Frontline Equity Direct G
Aditya Birla Sun Life Liquid Fund,Aditya Birla Sun Life Liquid Fund Direct G
Aditya Birla Sun Life Money Manager,Aditya Birla Sun Life Money Manager Fund Direct G
Axis Arbitrage Fund,Axis Arbitrage Fund Direct G
Axis Banking & PSU Debt Fund,Axis Banking & PSU Debt Fund Direct G
Axis Liquid,Axis Liquid Direct G
Axis Long Term Equity,Axis Long Term Equity Direct G
Canara Robeco Equity,Canara Robeco Equity Tax Saver Direct G
Franklin India Smaller,Franklin Templeton Franklin India Smaller Companies Direct G
Franklin India Ultra,Franklin Templeton Franklin India Ultra Short Bond Direct G
Franklin India Focused,Franklin Templeton India Focused Equity Fund Direct G
Franklin India Liquid,Franklin Templeton India Liquid Fund Direct G
HDFC Hybrid Equity,HDFC Hybrid Equity Fund Direct G
HDFC Balanced Fund,HDFC Hybrid Equity Fund Direct G
HDFC Liquid,HDFC Liquid Direct G
HDFC Short Term Debt,HDFC Short Term Debt Fund Direct G
HDFC Taxsaver,HDFC Taxsaver Reg G
Indiabulls Liquid,Indiabulls Liquid Direct G
Indiabulls Ultra Short,Indiabulls Ultra Short Term Direct G
Invesco India Tax,Invesco India Tax Plan Reg G
Mirae Asset Cash Management,Mirae Asset Cash Management Direct G
Mirae Asset Emerging Bluechip,Mirae Asset Emerging Bluechip Direct G
Mirae Asset Hybrid,Mirae Asset Hybrid Equity Fund Direct G
Mirae Asset Large Cap,Mirae Asset Large Cap Fund Direct G
Nippon India Gilt Securities,Nippon India Gilt Securities Inst Direct G
Nippon India Low Duration,Nippon India Low Duration Fund Direct G
Nippon India Tax Saver,Nippon India Tax Saver (ELSS) Fund Direct G
PPFAS Long Term Equity Fund,PPFAS Long Term Equity Fund Direct G
Parag Parikh Long Term Equity,PPFAS Long Term Equity Fund Direct G
SBI Bluechip,SBI Bluechip Direct G
SBI Blue Chip,SBI Bluechip Direct G
SBI Healthcare,SBI Healthcare Opportunities Fund Direct G
SBI Liquid,SBI Liquid Fund Direct G
SBI Magnum Constant Maturity,SBI Magnum Constant Maturity Fund Direct G
