Aditya Birla Sun Life Corporate Bond,Aditya Birla Sun Life Corporate Bond Fund
Aditya Birla Sun Life Equity Advantage,Aditya Birla Sun Life Equity Advantage Fund
Aditya Birla Sun Life Frontline,Aditya Birla Sun Life Frontline Equity
Aditya Birla Sun Life Liquid Fund,Aditya Birla Sun Life Liquid Fund
Aditya Birla Sun Life Money Manager,Aditya Birla Sun Life Money Manager Fund
Axis Arbitrage Fund,Axis Arbitrage Fund
Axis Banking & PSU Debt Fund,Axis Banking & PSU Debt Fund
Axis Liquid,Axis Liquid
Axis Long Term Equity,Axis Long Term Equity
Canara Robeco Equity,Canara Robeco Equity Tax Saver
Franklin India Smaller,Franklin Templeton Franklin India Smaller Companies
Franklin India Ultra,Franklin Templeton Franklin India Ultra Short Bond
Franklin India Focused,Franklin Templeton India Focused Equity Fund
Franklin India Liquid,Franklin Templeton India Liquid Fund
HDFC Hybrid Equity,HDFC Hybrid Equity Fund
HDFC Balanced Fund,HDFC Hybrid Equity Fund
HDFC Liquid,HDFC Liquid
HDFC Short Term Debt,HDFC Short Term Debt Fund
HDFC Taxsaver,HDFC Taxsaver Reg G
Indiabulls Liquid,Indiabulls Liquid
Indiabulls Ultra Short,Indiabulls Ultra Short Term
Invesco India Tax,Invesco India Tax Plan Reg G
Mirae Asset Cash Management,Mirae Asset Cash Management
Mirae Asset Emerging Bluechip,Mirae Asset Emerging Bluechip
Mirae Asset Hybrid,Mirae Asset Hybrid Equity Fund
Mirae Asset Large Cap,Mirae Asset Large Cap Fund
Nippon India Gilt Securities,Nippon India Gilt Securities Inst
Nippon India Low Duration,Nippon India Low Duration Fund
Nippon India Tax Saver,Nippon India Tax Saver (ELSS) Fund
PPFAS Long Term Equity Fund,PPFAS Long Term Equity Fund
Parag Parikh Long Term Equity,PPFAS Long Term Equity Fund
SBI Bluechip,SBI Bluechip
SBI Blue Chip,SBI Bluechip
SBI Healthcare,SBI Healthcare Opportunities Fund
SBI Liquid,SBI Liquid Fund
SBI Magnum Constant Maturity,SBI Magnum Constant Maturity Fund
L&T Money Market Fund,L&T Money Market Fund
L&T Hybrid Equity,L&T Hybrid Equity Fund
L&T India Value Fund,L&T India Value
ICICI Prudential Floating Interest,ICICI Prudential Floating Interest Fund
HDFC Corporate Bond Fund,HDFC Corporate Bond Fund
Franklin India Low Duration Fund,Franklin Templeton Franklin India Low Duration
ICICI Prudential All Seasons Bond,ICICI Prudential All Seasons Bond Fund
ICICI Prudential Equity & Debt,ICICI Prudential Equity & Debt Fund
Franklin India Dynamic Accrual Fund,Franklin Templeton Franklin India Dynamic Accrual Fund
Invesco India Money Market,Invesco India Money Market Fund
